Traceback (most recent call last):
  File "E:\yelen-school\manage.py", line 22, in <module>
    main()
  File "E:\yelen-school\manage.py", line 18, in main
    execute_from_command_line(sys.argv)
  File "E:\yelen-school\venv\Lib\site-packages\django\core\management\__init__.py", line 442, in execute_from_command_line
    utility.execute()
  File "E:\yelen-school\venv\Lib\site-packages\django\core\management\__init__.py", line 436, in execute
    self.fetch_command(subcommand).run_from_argv(self.argv)
  File "E:\yelen-school\venv\Lib\site-packages\django\core\management\base.py", line 412, in run_from_argv
    self.execute(*args, **cmd_options)
  File "E:\yelen-school\venv\Lib\site-packages\django\core\management\base.py", line 458, in execute
    output = self.handle(*args, **options)
             ^^^^^^^^^^^^^^^^^^^^^^^^^^^^^
  File "E:\yelen-school\venv\Lib\site-packages\django\core\management\base.py", line 106, in wrapper
    res = handle_func(*args, **kwargs)
          ^^^^^^^^^^^^^^^^^^^^^^^^^^^^
  File "E:\yelen-school\venv\Lib\site-packages\django\core\management\commands\makemigrations.py", line 158, in handle
    loader.check_consistent_history(connection)
  File "E:\yelen-school\venv\Lib\site-packages\django\db\migrations\loader.py", line 327, in check_consistent_history
    raise InconsistentMigrationHistory(
django.db.migrations.exceptions.InconsistentMigrationHistory: Migration admin.0001_initial is applied before its dependency accounts.0001_initial on database 'default'.
