Found 14 test(s).
System check identified no issues (0 silenced).
